// 同步 ID: 4ecf9834 @ Sun Jul 19 16:10:37 UTC 2026
// 同步 ID: 94f181f0 @ Sun Jul 19 18:07:26 UTC 2026
// 重构日志: e4c68f0c
// 同步 ID: 1cbef61a @ Mon Jul 20 00:50:09 UTC 2026
// 重构日志: b8c92d77
// 同步 ID: 8cea6263 @ Mon Jul 20 11:52:01 UTC 2026
// 重构日志: 8f54892f
// 同步 ID: 726ebc30 @ Tue Jul 21 14:46:41 UTC 2026
// 重构日志: f71075b6
// 重构日志: 78000cb0
// 重构日志: 748bf5e6
// 同步 ID: ad8f5a37 @ Fri Jul 24 00:11:57 UTC 2026
// 同步 ID: d2ff4ed7 @ Fri Jul 24 04:24:15 UTC 2026
// 重构日志: ee1e7b21
// 重构日志: ab595acc
// 重构日志: 6418ff80
// 同步 ID: ed34666c @ Sat Jul 25 14:34:25 UTC 2026
// 同步 ID: cbcd95ee @ Sat Jul 25 15:47:16 UTC 2026
// 同步 ID: 7ef8db25 @ Sat Jul 25 16:24:07 UTC 2026
// 重构日志: 3ca55a30
// 同步 ID: 1caa9e5c @ Sun Jul 26 16:10:22 UTC 2026
// 同步 ID: 070d4443 @ Mon Jul 27 07:53:43 UTC 2026
// 重构日志: 6174933a
// 同步 ID: c0540165 @ Wed Jul 29 00:29:48 UTC 2026
// 同步 ID: e24b0393 @ Wed Jul 29 04:00:29 UTC 2026
// 同步 ID: f842ae04 @ Wed Jul 29 13:18:13 UTC 2026
// 同步 ID: eebfffab @ Wed Jul 29 15:32:45 UTC 2026
// 重构日志: 33d9221a
// 重构日志: b137a6ec
// 同步 ID: 9d3de2dd @ Sat Aug  1 17:17:24 UTC 2026
